[2026-02-09 10:46:47.188322] Google login error: 400: Failed to exchange code: Bad Request
Traceback (most recent call last):
  File "S:\SPOTMIES TASK\CanvasFlow-AI\backend\server.py", line 161, in google_login
    raise HTTPException(
fastapi.exceptions.HTTPException: 400: Failed to exchange code: Bad Request

[2026-02-09 10:46:48.066866] Google login error: 400: Failed to exchange code: Bad Request
Traceback (most recent call last):
  File "S:\SPOTMIES TASK\CanvasFlow-AI\backend\server.py", line 161, in google_login
    raise HTTPException(
fastapi.exceptions.HTTPException: 400: Failed to exchange code: Bad Request

[2026-02-09 10:46:48.997285] Google login error: 400: Failed to exchange code: Bad Request
Traceback (most recent call last):
  File "S:\SPOTMIES TASK\CanvasFlow-AI\backend\server.py", line 161, in google_login
    raise HTTPException(
fastapi.exceptions.HTTPException: 400: Failed to exchange code: Bad Request

[2026-03-22 19:38:51.405387] Google login error: 400: Failed to exchange code: Bad Request
Traceback (most recent call last):
  File "S:\SPOTMIES TASK\CanvasFlow-AI\backend\server.py", line 161, in google_login
    raise HTTPException(
fastapi.exceptions.HTTPException: 400: Failed to exchange code: Bad Request

[2026-03-22 19:38:52.029643] Google login error: 400: Failed to exchange code: Bad Request
Traceback (most recent call last):
  File "S:\SPOTMIES TASK\CanvasFlow-AI\backend\server.py", line 161, in google_login
    raise HTTPException(
fastapi.exceptions.HTTPException: 400: Failed to exchange code: Bad Request

[2026-03-22 19:38:52.704932] Google login error: 400: Failed to exchange code: Bad Request
Traceback (most recent call last):
  File "S:\SPOTMIES TASK\CanvasFlow-AI\backend\server.py", line 161, in google_login
    raise HTTPException(
fastapi.exceptions.HTTPException: 400: Failed to exchange code: Bad Request

